2024-03-15 08:12:33.445 [ERROR] [pool-3-thread-7] com.app.service.DatabaseService - Failed to acquire connection
Exception in thread "pool-3-thread-7" java.sql.SQLTransientConnectionException: Connection pool exhausted
    at com.zaxxer.hikari.pool.HikariPool.createTimeoutException(HikariPool.java:696)
    at com.zaxxer.hikari.pool.HikariPool.getConnection(HikariPool.java:197)
    at com.app.service.DatabaseService.query(DatabaseService.java:45)
2024-03-15 08:12:33.447 [ERROR] [pool-3-thread-2] com.app.service.DatabaseService - Failed to acquire connection
Exception in thread "pool-3-thread-2" java.sql.SQLTransientConnectionException: Connection pool exhausted
    at com.zaxxer.hikari.pool.HikariPool.createTimeoutException(HikariPool.java:696)
    at com.zaxxer.hikari.pool.HikariPool.getConnection(HikariPool.java:197)
    at com.app.service.DatabaseService.query(DatabaseService.java:45)
2024-03-15 08:12:34.112 [ERROR] [http-nio-8080-exec-14] com.app.controller.UserController - Unhandled exception
java.lang.NullPointerException: Cannot invoke method on null reference
    at com.app.controller.UserController.getProfile(UserController.java:89)
    at sun.reflect.NativeMethodAccessorImpl.invoke0(Native Method)
    at org.springframework.web.servlet.FrameworkServlet.service(FrameworkServlet.java:97)
2024-03-15 08:12:34.115 [ERROR] [http-nio-8080-exec-3] com.app.controller.UserController - Unhandled exception
java.lang.NullPointerException: Cannot invoke method on null reference
    at com.app.controller.UserController.getProfile(UserController.java:89)
    at sun.reflect.NativeMethodAccessorImpl.invoke0(Native Method)
2024-03-15 08:12:35.890 [ERROR] [scheduler-1] com.app.job.ReportJob - Failed to send report
Caused by: java.net.SocketTimeoutException: Read timed out
    at java.net.SocketInputStream.socketRead0(Native Method)
    at com.app.client.ReportClient.send(ReportClient.java:112)
2024-03-15 08:12:36.001 [WARN] [http-nio-8080-exec-5] com.app.filter.AuthFilter - Token validation slow
2024-03-15 08:12:36.445 [ERROR] [pool-3-thread-9] com.app.service.DatabaseService - Failed to acquire connection
Exception in thread "pool-3-thread-9" java.sql.SQLTransientConnectionException: Connection pool exhausted
    at com.zaxxer.hikari.pool.HikariPool.createTimeoutException(HikariPool.java:696)
    at com.zaxxer.hikari.pool.HikariPool.getConnection(HikariPool.java:197)
2024-03-15 08:12:37.200 [ERROR] [http-nio-8080-exec-8] com.app.controller.OrderController - Order processing failed
java.lang.NullPointerException: null
    at com.app.service.OrderService.processOrder(OrderService.java:67)
    at com.app.controller.OrderController.createOrder(OrderController.java:34)
2024-03-15 08:12:38.100 [INFO] [main] com.app.Application - Health check passed
2024-03-15 08:12:39.555 [ERROR] [pool-3-thread-1] com.app.service.DatabaseService - Connection timeout
Exception in thread "pool-3-thread-1" java.sql.SQLTransientConnectionException: Connection pool exhausted
    at com.zaxxer.hikari.pool.HikariPool.createTimeoutException(HikariPool.java:696)
